PS C:\Users\askuv\GitHub_Tutorial> mkdir git_challenge


    ディレクトリ: C:\Users\askuv\GitHub_Tutorial


Mode                 LastWriteTime         Length Name
----                 -------------         ------ ----
d-----        2025/08/04      0:17                git_challenge


PS C:\Users\askuv\GitHub_Tutorial> echo "Hello, world!" >> hello_world.txt
PS C:\Users\askuv\GitHub_Tutorial> cd git_challenge
PS C:\Users\askuv\GitHub_Tutorial\git_challenge> echo "Hello, world!" >> hello_world.txt
PS C:\Users\askuv\GitHub_Tutorial\git_challenge> cat hello_world.txt
Hello, world!
PS C:\Users\askuv\GitHub_Tutorial\git_challenge> git add hello_world.txt
PS C:\Users\askuv\GitHub_Tutorial\git_challenge> git commit -m "hello_world.txtを追加"
[main (root-commit) ae4b1de] hello_world.txtを追加
 1 file changed, 0 insertions(+), 0 deletions(-)
 create mode 100644 git_challenge/hello_world.txt
PS C:\Users\askuv\GitHub_Tutorial\git_challenge> git log --oneline
ae4b1de (HEAD -> main) hello_world.txtを追加
PS C:\Users\askuv\GitHub_Tutorial\git_challenge> echo "こんにちは、世界！" >> hello_world.txt
PS C:\Users\askuv\GitHub_Tutorial\git_challenge> cat hello_world.txt
Hello, world!
こんにちは、世界！
PS C:\Users\askuv\GitHub_Tutorial\git_challenge> git add hello_world.txt
PS C:\Users\askuv\GitHub_Tutorial\git_challenge> git commit -m "日本語訳を追記"       
[main 9ba2df3] 日本語訳を追記
 1 file changed, 0 insertions(+), 0 deletions(-)
PS C:\Users\askuv\GitHub_Tutorial\git_challenge> git log --oneline
9ba2df3 (HEAD -> main) 日本語訳を追記
ae4b1de hello_world.txtを追加
PS C:\Users\askuv\GitHub_Tutorial\git_challenge> 